{
  "Locations": [
    {
      "Id": "0G5GJEPTMF4G4",
      "Name": "Location 1",
      "Longitude": 150.123456,
      "Latitude": -34.123456
    },
    {
      "Id": "0G5GJEPTMF4G5",
      "Name": "Location 2",
      "Longitude": -120.654321,
      "Latitude": 45.654321
    },
    {
      "Id": "0G5GJEPTMF4G6",
      "Name": "Location 3",
      "Longitude": -179.987654,
      "Latitude": 89.987654
    },
    {
      "Id": "0G5GJEPTMF4G7",
      "Name": "Location 4",
      "Longitude": 178.765432,
      "Latitude": -88.765432
    },
    {
      "Id": "0G5GJEPTMF4G8",
      "Name": "Location 5",
      "Longitude": 78.947586,
      "Latitude": -43.058302
    }
  ],
  "Pagination": {
    "CurrentPageNumber": 1,
    "CurrentPageSize": 5,
    "TotalRows": 5,
    "TotalPages": 1
  }
}
